// Jest Snapshot v1, https://goo.gl/fbAQLP

exports[`<Group> children: <Module> can insert <Module> elements before and after another <Module> 1`] = `
"<div class=\\"hig__global-nav\\">
    <div class=\\"hig__global-nav__sidenav\\">
    <div class=\\"hig__global-nav__sidenav__scroll\\">
        <div class=\\"hig__global-nav__side-nav__section\\">
    <div class=\\"hig__global-nav__side-nav__section__header\\">
        <span class=\\"hig__global-nav__side-nav__section__header__label\\">Project</span>
        <span class=\\"hig__global-nav__side-nav__section__header__name\\">X</span>
        <!--SECTION-COLLAPSE-->
    </div>
    <div class=\\"hig__global-nav__side-nav__section__group\\">
    <div class=\\"hig__global-nav__side-nav__section__group__module\\">
    <a class=\\"hig__global-nav__side-nav__section__group__module__link\\" href=\\"#\\">
        <div class=\\"hig__global-nav__side-nav__section__group__module__link__icon\\"><div class=\\"hig__icon\\"><svg width=\\"20\\" height=\\"21\\" viewBox=\\"0 0 20 21\\" xmlns=\\"http://www.w3.org/2000/svg\\" role=\\"img\\" title=\\"project-management\\"><g transform=\\"translate(.242)\\" fill=\\"#34495E\\" fill-rule=\\"evenodd\\"><path d=\\"M15,8.15002717 C14.6738533,8.08382289 14.3400214,8.03878262 14,8.01640228 L14,1 L1,1 L1,17 L6.15002717,17 C6.21952655,17.3423796 6.31234911,17.6762897 6.42676427,18 L0,18 L0,0 L15,0 L15,8.15002717 Z M8.40093151,10 C8.07157864,10.3054873 7.76971094,10.6401947 7.49945072,11 L3,11 L3,10 L8.40093151,10 Z M6.42676427,13 C6.31234911,13.3237103 6.21952655,13.6576204 6.15002717,14 L3,14 L3,13 L6.42676427,13 Z M3,4 L12,4 L12,5 L3,5 L3,4 Z M3,7 L12,7 L12,8 L3,8 L3,7 Z\\" fill-rule=\\"nonzero\\"></path><path d=\\"M13.5,20 C15.9852814,20 18,17.9852814 18,15.5 C18,13.0147186 15.9852814,11 13.5,11 C11.0147186,11 9,13.0147186 9,15.5 C9,17.9852814 11.0147186,20 13.5,20 Z M13.5,21 C10.4624339,21 8,18.5375661 8,15.5 C8,12.4624339 10.4624339,10 13.5,10 C16.5375661,10 19,12.4624339 19,15.5 C19,18.5375661 16.5375661,21 13.5,21 Z\\" fill-rule=\\"nonzero\\"></path><rect x=\\"13\\" y=\\"12\\" width=\\"1\\" height=\\"4\\"></rect><rect x=\\"13\\" y=\\"15\\" width=\\"4\\" height=\\"1\\"></rect></g></svg></div></div>
        <div class=\\"hig__global-nav__side-nav__section__group__module__link__title\\">Module 2</div>
    </a>
    <!--MODULE-COLLAPSE-->
    <div class=\\"hig__global-nav__side-nav__section__group__module__submodules\\">
        <!--SUBMODULE-->
    </div>
</div><!--MODULE-->
</div><!--GROUP-->
</div><!--SECTION-->
        <div class=\\"hig__global-nav__sidenav__links\\">
            <!--LINK-->
        </div>
        <div class=\\"hig__global-nav__sidenav__copyright\\">© 2017 Autodesk, Inc.</div>
    </div>
    <!--SEARCH-->
</div><!--SIDENAV-->
    <div class=\\"hig__global-nav__container\\">
        <!--TOPNAV-->
        <!--SUBNAV-->
        <div class=\\"hig__global-nav__slot\\">
            <!--SLOT-->
        </div>
    </div>
</div>"
`;

exports[`<Group> children: <Module> can insert <Module> elements before and after another <Module> 2`] = `
"<div class=\\"hig__global-nav\\">
    <div class=\\"hig__global-nav__sidenav\\">
    <div class=\\"hig__global-nav__sidenav__scroll\\">
        <div class=\\"hig__global-nav__side-nav__section\\">
    <div class=\\"hig__global-nav__side-nav__section__header\\">
        <span class=\\"hig__global-nav__side-nav__section__header__label\\">Project</span>
        <span class=\\"hig__global-nav__side-nav__section__header__name\\">X</span>
        <!--SECTION-COLLAPSE-->
    </div>
    <div class=\\"hig__global-nav__side-nav__section__group\\">
    <div class=\\"hig__global-nav__side-nav__section__group__module\\">
    <a class=\\"hig__global-nav__side-nav__section__group__module__link\\" href=\\"#\\">
        <div class=\\"hig__global-nav__side-nav__section__group__module__link__icon\\"><div class=\\"hig__icon\\"><svg width=\\"20\\" height=\\"21\\" viewBox=\\"0 0 20 21\\" xmlns=\\"http://www.w3.org/2000/svg\\" role=\\"img\\" title=\\"project-management\\"><g transform=\\"translate(.242)\\" fill=\\"#34495E\\" fill-rule=\\"evenodd\\"><path d=\\"M15,8.15002717 C14.6738533,8.08382289 14.3400214,8.03878262 14,8.01640228 L14,1 L1,1 L1,17 L6.15002717,17 C6.21952655,17.3423796 6.31234911,17.6762897 6.42676427,18 L0,18 L0,0 L15,0 L15,8.15002717 Z M8.40093151,10 C8.07157864,10.3054873 7.76971094,10.6401947 7.49945072,11 L3,11 L3,10 L8.40093151,10 Z M6.42676427,13 C6.31234911,13.3237103 6.21952655,13.6576204 6.15002717,14 L3,14 L3,13 L6.42676427,13 Z M3,4 L12,4 L12,5 L3,5 L3,4 Z M3,7 L12,7 L12,8 L3,8 L3,7 Z\\" fill-rule=\\"nonzero\\"></path><path d=\\"M13.5,20 C15.9852814,20 18,17.9852814 18,15.5 C18,13.0147186 15.9852814,11 13.5,11 C11.0147186,11 9,13.0147186 9,15.5 C9,17.9852814 11.0147186,20 13.5,20 Z M13.5,21 C10.4624339,21 8,18.5375661 8,15.5 C8,12.4624339 10.4624339,10 13.5,10 C16.5375661,10 19,12.4624339 19,15.5 C19,18.5375661 16.5375661,21 13.5,21 Z\\" fill-rule=\\"nonzero\\"></path><rect x=\\"13\\" y=\\"12\\" width=\\"1\\" height=\\"4\\"></rect><rect x=\\"13\\" y=\\"15\\" width=\\"4\\" height=\\"1\\"></rect></g></svg></div></div>
        <div class=\\"hig__global-nav__side-nav__section__group__module__link__title\\">Module 1</div>
    </a>
    <!--MODULE-COLLAPSE-->
    <div class=\\"hig__global-nav__side-nav__section__group__module__submodules\\">
        <!--SUBMODULE-->
    </div>
</div><div class=\\"hig__global-nav__side-nav__section__group__module\\">
    <a class=\\"hig__global-nav__side-nav__section__group__module__link\\" href=\\"#\\">
        <div class=\\"hig__global-nav__side-nav__section__group__module__link__icon\\"><div class=\\"hig__icon\\"><svg width=\\"20\\" height=\\"21\\" viewBox=\\"0 0 20 21\\" xmlns=\\"http://www.w3.org/2000/svg\\" role=\\"img\\" title=\\"project-management\\"><g transform=\\"translate(.242)\\" fill=\\"#34495E\\" fill-rule=\\"evenodd\\"><path d=\\"M15,8.15002717 C14.6738533,8.08382289 14.3400214,8.03878262 14,8.01640228 L14,1 L1,1 L1,17 L6.15002717,17 C6.21952655,17.3423796 6.31234911,17.6762897 6.42676427,18 L0,18 L0,0 L15,0 L15,8.15002717 Z M8.40093151,10 C8.07157864,10.3054873 7.76971094,10.6401947 7.49945072,11 L3,11 L3,10 L8.40093151,10 Z M6.42676427,13 C6.31234911,13.3237103 6.21952655,13.6576204 6.15002717,14 L3,14 L3,13 L6.42676427,13 Z M3,4 L12,4 L12,5 L3,5 L3,4 Z M3,7 L12,7 L12,8 L3,8 L3,7 Z\\" fill-rule=\\"nonzero\\"></path><path d=\\"M13.5,20 C15.9852814,20 18,17.9852814 18,15.5 C18,13.0147186 15.9852814,11 13.5,11 C11.0147186,11 9,13.0147186 9,15.5 C9,17.9852814 11.0147186,20 13.5,20 Z M13.5,21 C10.4624339,21 8,18.5375661 8,15.5 C8,12.4624339 10.4624339,10 13.5,10 C16.5375661,10 19,12.4624339 19,15.5 C19,18.5375661 16.5375661,21 13.5,21 Z\\" fill-rule=\\"nonzero\\"></path><rect x=\\"13\\" y=\\"12\\" width=\\"1\\" height=\\"4\\"></rect><rect x=\\"13\\" y=\\"15\\" width=\\"4\\" height=\\"1\\"></rect></g></svg></div></div>
        <div class=\\"hig__global-nav__side-nav__section__group__module__link__title\\">Module 2</div>
    </a>
    <!--MODULE-COLLAPSE-->
    <div class=\\"hig__global-nav__side-nav__section__group__module__submodules\\">
        <!--SUBMODULE-->
    </div>
</div><!--MODULE-->
</div><!--GROUP-->
</div><!--SECTION-->
        <div class=\\"hig__global-nav__sidenav__links\\">
            <!--LINK-->
        </div>
        <div class=\\"hig__global-nav__sidenav__copyright\\">© 2017 Autodesk, Inc.</div>
    </div>
    <!--SEARCH-->
</div><!--SIDENAV-->
    <div class=\\"hig__global-nav__container\\">
        <!--TOPNAV-->
        <!--SUBNAV-->
        <div class=\\"hig__global-nav__slot\\">
            <!--SLOT-->
        </div>
    </div>
</div>"
`;

exports[`<Group> children: <Module> can insert <Module> elements before and after another <Module> 3`] = `
"<div class=\\"hig__global-nav\\">
    <div class=\\"hig__global-nav__sidenav\\">
    <div class=\\"hig__global-nav__sidenav__scroll\\">
        <div class=\\"hig__global-nav__side-nav__section\\">
    <div class=\\"hig__global-nav__side-nav__section__header\\">
        <span class=\\"hig__global-nav__side-nav__section__header__label\\">Project</span>
        <span class=\\"hig__global-nav__side-nav__section__header__name\\">X</span>
        <!--SECTION-COLLAPSE-->
    </div>
    <div class=\\"hig__global-nav__side-nav__section__group\\">
    <div class=\\"hig__global-nav__side-nav__section__group__module\\">
    <a class=\\"hig__global-nav__side-nav__section__group__module__link\\" href=\\"#\\">
        <div class=\\"hig__global-nav__side-nav__section__group__module__link__icon\\"><div class=\\"hig__icon\\"><svg width=\\"20\\" height=\\"21\\" viewBox=\\"0 0 20 21\\" xmlns=\\"http://www.w3.org/2000/svg\\" role=\\"img\\" title=\\"project-management\\"><g transform=\\"translate(.242)\\" fill=\\"#34495E\\" fill-rule=\\"evenodd\\"><path d=\\"M15,8.15002717 C14.6738533,8.08382289 14.3400214,8.03878262 14,8.01640228 L14,1 L1,1 L1,17 L6.15002717,17 C6.21952655,17.3423796 6.31234911,17.6762897 6.42676427,18 L0,18 L0,0 L15,0 L15,8.15002717 Z M8.40093151,10 C8.07157864,10.3054873 7.76971094,10.6401947 7.49945072,11 L3,11 L3,10 L8.40093151,10 Z M6.42676427,13 C6.31234911,13.3237103 6.21952655,13.6576204 6.15002717,14 L3,14 L3,13 L6.42676427,13 Z M3,4 L12,4 L12,5 L3,5 L3,4 Z M3,7 L12,7 L12,8 L3,8 L3,7 Z\\" fill-rule=\\"nonzero\\"></path><path d=\\"M13.5,20 C15.9852814,20 18,17.9852814 18,15.5 C18,13.0147186 15.9852814,11 13.5,11 C11.0147186,11 9,13.0147186 9,15.5 C9,17.9852814 11.0147186,20 13.5,20 Z M13.5,21 C10.4624339,21 8,18.5375661 8,15.5 C8,12.4624339 10.4624339,10 13.5,10 C16.5375661,10 19,12.4624339 19,15.5 C19,18.5375661 16.5375661,21 13.5,21 Z\\" fill-rule=\\"nonzero\\"></path><rect x=\\"13\\" y=\\"12\\" width=\\"1\\" height=\\"4\\"></rect><rect x=\\"13\\" y=\\"15\\" width=\\"4\\" height=\\"1\\"></rect></g></svg></div></div>
        <div class=\\"hig__global-nav__side-nav__section__group__module__link__title\\">Module 2</div>
    </a>
    <!--MODULE-COLLAPSE-->
    <div class=\\"hig__global-nav__side-nav__section__group__module__submodules\\">
        <!--SUBMODULE-->
    </div>
</div><!--MODULE-->
</div><!--GROUP-->
</div><!--SECTION-->
        <div class=\\"hig__global-nav__sidenav__links\\">
            <!--LINK-->
        </div>
        <div class=\\"hig__global-nav__sidenav__copyright\\">© 2017 Autodesk, Inc.</div>
    </div>
    <!--SEARCH-->
</div><!--SIDENAV-->
    <div class=\\"hig__global-nav__container\\">
        <!--TOPNAV-->
        <!--SUBNAV-->
        <div class=\\"hig__global-nav__slot\\">
            <!--SLOT-->
        </div>
    </div>
</div>"
`;

exports[`<Group> children: <Module> can insert <Module> elements before and after another <Module> 4`] = `
"<div class=\\"hig__global-nav\\">
    <div class=\\"hig__global-nav__sidenav\\">
    <div class=\\"hig__global-nav__sidenav__scroll\\">
        <div class=\\"hig__global-nav__side-nav__section\\">
    <div class=\\"hig__global-nav__side-nav__section__header\\">
        <span class=\\"hig__global-nav__side-nav__section__header__label\\">Project</span>
        <span class=\\"hig__global-nav__side-nav__section__header__name\\">X</span>
        <!--SECTION-COLLAPSE-->
    </div>
    <div class=\\"hig__global-nav__side-nav__section__group\\">
    <div class=\\"hig__global-nav__side-nav__section__group__module\\">
    <a class=\\"hig__global-nav__side-nav__section__group__module__link\\" href=\\"#\\">
        <div class=\\"hig__global-nav__side-nav__section__group__module__link__icon\\"><div class=\\"hig__icon\\"><svg width=\\"20\\" height=\\"21\\" viewBox=\\"0 0 20 21\\" xmlns=\\"http://www.w3.org/2000/svg\\" role=\\"img\\" title=\\"project-management\\"><g transform=\\"translate(.242)\\" fill=\\"#34495E\\" fill-rule=\\"evenodd\\"><path d=\\"M15,8.15002717 C14.6738533,8.08382289 14.3400214,8.03878262 14,8.01640228 L14,1 L1,1 L1,17 L6.15002717,17 C6.21952655,17.3423796 6.31234911,17.6762897 6.42676427,18 L0,18 L0,0 L15,0 L15,8.15002717 Z M8.40093151,10 C8.07157864,10.3054873 7.76971094,10.6401947 7.49945072,11 L3,11 L3,10 L8.40093151,10 Z M6.42676427,13 C6.31234911,13.3237103 6.21952655,13.6576204 6.15002717,14 L3,14 L3,13 L6.42676427,13 Z M3,4 L12,4 L12,5 L3,5 L3,4 Z M3,7 L12,7 L12,8 L3,8 L3,7 Z\\" fill-rule=\\"nonzero\\"></path><path d=\\"M13.5,20 C15.9852814,20 18,17.9852814 18,15.5 C18,13.0147186 15.9852814,11 13.5,11 C11.0147186,11 9,13.0147186 9,15.5 C9,17.9852814 11.0147186,20 13.5,20 Z M13.5,21 C10.4624339,21 8,18.5375661 8,15.5 C8,12.4624339 10.4624339,10 13.5,10 C16.5375661,10 19,12.4624339 19,15.5 C19,18.5375661 16.5375661,21 13.5,21 Z\\" fill-rule=\\"nonzero\\"></path><rect x=\\"13\\" y=\\"12\\" width=\\"1\\" height=\\"4\\"></rect><rect x=\\"13\\" y=\\"15\\" width=\\"4\\" height=\\"1\\"></rect></g></svg></div></div>
        <div class=\\"hig__global-nav__side-nav__section__group__module__link__title\\">Module 2</div>
    </a>
    <!--MODULE-COLLAPSE-->
    <div class=\\"hig__global-nav__side-nav__section__group__module__submodules\\">
        <!--SUBMODULE-->
    </div>
</div><div class=\\"hig__global-nav__side-nav__section__group__module\\">
    <a class=\\"hig__global-nav__side-nav__section__group__module__link\\" href=\\"#\\">
        <div class=\\"hig__global-nav__side-nav__section__group__module__link__icon\\"><div class=\\"hig__icon\\"><svg width=\\"24\\" height=\\"24\\" viewBox=\\"0 0 24 24\\" xmlns=\\"http://www.w3.org/2000/svg\\" role=\\"img\\" title=\\"assets\\"><title>hig-light/globalnav/sidenav/icon/assets</title><g fill=\\"#221F20\\" fill-rule=\\"evenodd\\"><path d=\\"M10.1898101,0.916614844 L9.67284723,8.01491201 L9.15588441,0.916614844 C9.15588441,0.916614844 7.37499587,-0.81644658 2.12744709,0.48294645 L2.12744709,12.0829042 C2.12744709,12.0829042 6.89296297,11.6014087 8.33744951,12.3725539 C8.33744951,12.3725539 8.29284669,12.9427177 9.66048741,12.950241 L9.67284723,12.950241 L9.68574443,12.950241 C11.0528478,12.9427177 11.0082449,12.3725539 11.0082449,12.3725539 C12.4527315,11.6014087 17.2182474,12.0829042 17.2182474,12.0829042 L17.2182474,0.48294645 C11.9706986,-0.81644658 10.1898101,0.916614844 10.1898101,0.916614844\\" transform=\\"translate(2.327 4.245)\\"></path><path d=\\"M0.91156344,2.55923464 L0.885231654,13.9028606 L0.455862327,13.4729539 L7.29245378,13.4192155 C7.34887904,13.421365 7.39186971,13.4697296 7.38972017,13.52508 C7.38649587,13.5777436 7.3435052,13.6196595 7.29245378,13.6218091 L0.455862327,14.3333047 C0.229623921,14.3440523 0.0372406687,14.1694027 0.0270303844,13.9442391 L0.0259556176,13.925968 L0.0259556176,13.9028606 L0.000161215016,2.55923464 C-0.000376168371,2.3082766 0.203292135,2.10353353 0.453712794,2.10245876 C0.705745602,2.101384 0.911026056,2.30612707 0.91156344,2.55708511 L0.91156344,2.55923464 Z\\" transform=\\"translate(2.327 4.245)\\"></path><path d=\\"M19.3458019,2.55923464 L19.3200075,13.9028606 L19.3200075,13.9248933 C19.3183954,14.1516691 19.1351477,14.3343794 18.9089092,14.3343794 L18.8895634,14.3333047 L12.0535094,13.6218091 C11.9970841,13.6196595 11.9540934,13.571295 11.956243,13.5159445 C11.9594673,13.463281 12.002458,13.421365 12.0535094,13.4192155 L18.8895634,13.4729539 L18.4607315,13.9028606 L18.4343997,2.55923464 C18.4333249,2.3082766 18.6375306,2.10353353 18.8879513,2.10245876 C19.1405215,2.101384 19.3452646,2.30612707 19.3458019,2.55708511 L19.3458019,2.55923464 Z\\" transform=\\"translate(2.327 4.245)\\"></path></g></svg></div></div>
        <div class=\\"hig__global-nav__side-nav__section__group__module__link__title\\">title</div>
    </a>
    <!--MODULE-COLLAPSE-->
    <div class=\\"hig__global-nav__side-nav__section__group__module__submodules\\">
        <!--SUBMODULE-->
    </div>
</div><!--MODULE-->
</div><!--GROUP-->
</div><!--SECTION-->
        <div class=\\"hig__global-nav__sidenav__links\\">
            <!--LINK-->
        </div>
        <div class=\\"hig__global-nav__sidenav__copyright\\">© 2017 Autodesk, Inc.</div>
    </div>
    <!--SEARCH-->
</div><!--SIDENAV-->
    <div class=\\"hig__global-nav__container\\">
        <!--TOPNAV-->
        <!--SUBNAV-->
        <div class=\\"hig__global-nav__slot\\">
            <!--SLOT-->
        </div>
    </div>
</div>"
`;

exports[`<Group> children: <Module> can insert <Module> elements before and after another <Module> 5`] = `
"<div class=\\"hig__global-nav\\">
    <div class=\\"hig__global-nav__sidenav\\">
    <div class=\\"hig__global-nav__sidenav__scroll\\">
        <div class=\\"hig__global-nav__side-nav__section\\">
    <div class=\\"hig__global-nav__side-nav__section__header\\">
        <span class=\\"hig__global-nav__side-nav__section__header__label\\">Project</span>
        <span class=\\"hig__global-nav__side-nav__section__header__name\\">X</span>
        <!--SECTION-COLLAPSE-->
    </div>
    <div class=\\"hig__global-nav__side-nav__section__group\\">
    <div class=\\"hig__global-nav__side-nav__section__group__module\\">
    <a class=\\"hig__global-nav__side-nav__section__group__module__link\\" href=\\"#\\">
        <div class=\\"hig__global-nav__side-nav__section__group__module__link__icon\\"><div class=\\"hig__icon\\"><svg width=\\"20\\" height=\\"21\\" viewBox=\\"0 0 20 21\\" xmlns=\\"http://www.w3.org/2000/svg\\" role=\\"img\\" title=\\"project-management\\"><g transform=\\"translate(.242)\\" fill=\\"#34495E\\" fill-rule=\\"evenodd\\"><path d=\\"M15,8.15002717 C14.6738533,8.08382289 14.3400214,8.03878262 14,8.01640228 L14,1 L1,1 L1,17 L6.15002717,17 C6.21952655,17.3423796 6.31234911,17.6762897 6.42676427,18 L0,18 L0,0 L15,0 L15,8.15002717 Z M8.40093151,10 C8.07157864,10.3054873 7.76971094,10.6401947 7.49945072,11 L3,11 L3,10 L8.40093151,10 Z M6.42676427,13 C6.31234911,13.3237103 6.21952655,13.6576204 6.15002717,14 L3,14 L3,13 L6.42676427,13 Z M3,4 L12,4 L12,5 L3,5 L3,4 Z M3,7 L12,7 L12,8 L3,8 L3,7 Z\\" fill-rule=\\"nonzero\\"></path><path d=\\"M13.5,20 C15.9852814,20 18,17.9852814 18,15.5 C18,13.0147186 15.9852814,11 13.5,11 C11.0147186,11 9,13.0147186 9,15.5 C9,17.9852814 11.0147186,20 13.5,20 Z M13.5,21 C10.4624339,21 8,18.5375661 8,15.5 C8,12.4624339 10.4624339,10 13.5,10 C16.5375661,10 19,12.4624339 19,15.5 C19,18.5375661 16.5375661,21 13.5,21 Z\\" fill-rule=\\"nonzero\\"></path><rect x=\\"13\\" y=\\"12\\" width=\\"1\\" height=\\"4\\"></rect><rect x=\\"13\\" y=\\"15\\" width=\\"4\\" height=\\"1\\"></rect></g></svg></div></div>
        <div class=\\"hig__global-nav__side-nav__section__group__module__link__title\\">Module 2</div>
    </a>
    <!--MODULE-COLLAPSE-->
    <div class=\\"hig__global-nav__side-nav__section__group__module__submodules\\">
        <!--SUBMODULE-->
    </div>
</div><!--MODULE-->
</div><!--GROUP-->
</div><!--SECTION-->
        <div class=\\"hig__global-nav__sidenav__links\\">
            <!--LINK-->
        </div>
        <div class=\\"hig__global-nav__sidenav__copyright\\">© 2017 Autodesk, Inc.</div>
    </div>
    <!--SEARCH-->
</div><!--SIDENAV-->
    <div class=\\"hig__global-nav__container\\">
        <!--TOPNAV-->
        <!--SUBNAV-->
        <div class=\\"hig__global-nav__slot\\">
            <!--SLOT-->
        </div>
    </div>
</div>"
`;

exports[`<Group> children: <Module> can render a list of <Module> elements 1`] = `
"<div class=\\"hig__global-nav\\">
    <div class=\\"hig__global-nav__sidenav\\">
    <div class=\\"hig__global-nav__sidenav__scroll\\">
        <div class=\\"hig__global-nav__side-nav__section\\">
    <div class=\\"hig__global-nav__side-nav__section__header\\">
        <span class=\\"hig__global-nav__side-nav__section__header__label\\">Project</span>
        <span class=\\"hig__global-nav__side-nav__section__header__name\\">X</span>
        <!--SECTION-COLLAPSE-->
    </div>
    <div class=\\"hig__global-nav__side-nav__section__group\\">
    <div class=\\"hig__global-nav__side-nav__section__group__module\\">
    <a class=\\"hig__global-nav__side-nav__section__group__module__link\\" href=\\"#\\">
        <div class=\\"hig__global-nav__side-nav__section__group__module__link__icon\\"><div class=\\"hig__icon\\"><svg width=\\"20\\" height=\\"21\\" viewBox=\\"0 0 20 21\\" xmlns=\\"http://www.w3.org/2000/svg\\" role=\\"img\\" title=\\"project-management\\"><g transform=\\"translate(.242)\\" fill=\\"#34495E\\" fill-rule=\\"evenodd\\"><path d=\\"M15,8.15002717 C14.6738533,8.08382289 14.3400214,8.03878262 14,8.01640228 L14,1 L1,1 L1,17 L6.15002717,17 C6.21952655,17.3423796 6.31234911,17.6762897 6.42676427,18 L0,18 L0,0 L15,0 L15,8.15002717 Z M8.40093151,10 C8.07157864,10.3054873 7.76971094,10.6401947 7.49945072,11 L3,11 L3,10 L8.40093151,10 Z M6.42676427,13 C6.31234911,13.3237103 6.21952655,13.6576204 6.15002717,14 L3,14 L3,13 L6.42676427,13 Z M3,4 L12,4 L12,5 L3,5 L3,4 Z M3,7 L12,7 L12,8 L3,8 L3,7 Z\\" fill-rule=\\"nonzero\\"></path><path d=\\"M13.5,20 C15.9852814,20 18,17.9852814 18,15.5 C18,13.0147186 15.9852814,11 13.5,11 C11.0147186,11 9,13.0147186 9,15.5 C9,17.9852814 11.0147186,20 13.5,20 Z M13.5,21 C10.4624339,21 8,18.5375661 8,15.5 C8,12.4624339 10.4624339,10 13.5,10 C16.5375661,10 19,12.4624339 19,15.5 C19,18.5375661 16.5375661,21 13.5,21 Z\\" fill-rule=\\"nonzero\\"></path><rect x=\\"13\\" y=\\"12\\" width=\\"1\\" height=\\"4\\"></rect><rect x=\\"13\\" y=\\"15\\" width=\\"4\\" height=\\"1\\"></rect></g></svg></div></div>
        <div class=\\"hig__global-nav__side-nav__section__group__module__link__title\\">Module 1</div>
    </a>
    <!--MODULE-COLLAPSE-->
    <div class=\\"hig__global-nav__side-nav__section__group__module__submodules\\">
        <!--SUBMODULE-->
    </div>
</div><div class=\\"hig__global-nav__side-nav__section__group__module\\">
    <a class=\\"hig__global-nav__side-nav__section__group__module__link\\" href=\\"#\\">
        <div class=\\"hig__global-nav__side-nav__section__group__module__link__icon\\"><div class=\\"hig__icon\\"><svg width=\\"20\\" height=\\"21\\" viewBox=\\"0 0 20 21\\" xmlns=\\"http://www.w3.org/2000/svg\\" role=\\"img\\" title=\\"project-management\\"><g transform=\\"translate(.242)\\" fill=\\"#34495E\\" fill-rule=\\"evenodd\\"><path d=\\"M15,8.15002717 C14.6738533,8.08382289 14.3400214,8.03878262 14,8.01640228 L14,1 L1,1 L1,17 L6.15002717,17 C6.21952655,17.3423796 6.31234911,17.6762897 6.42676427,18 L0,18 L0,0 L15,0 L15,8.15002717 Z M8.40093151,10 C8.07157864,10.3054873 7.76971094,10.6401947 7.49945072,11 L3,11 L3,10 L8.40093151,10 Z M6.42676427,13 C6.31234911,13.3237103 6.21952655,13.6576204 6.15002717,14 L3,14 L3,13 L6.42676427,13 Z M3,4 L12,4 L12,5 L3,5 L3,4 Z M3,7 L12,7 L12,8 L3,8 L3,7 Z\\" fill-rule=\\"nonzero\\"></path><path d=\\"M13.5,20 C15.9852814,20 18,17.9852814 18,15.5 C18,13.0147186 15.9852814,11 13.5,11 C11.0147186,11 9,13.0147186 9,15.5 C9,17.9852814 11.0147186,20 13.5,20 Z M13.5,21 C10.4624339,21 8,18.5375661 8,15.5 C8,12.4624339 10.4624339,10 13.5,10 C16.5375661,10 19,12.4624339 19,15.5 C19,18.5375661 16.5375661,21 13.5,21 Z\\" fill-rule=\\"nonzero\\"></path><rect x=\\"13\\" y=\\"12\\" width=\\"1\\" height=\\"4\\"></rect><rect x=\\"13\\" y=\\"15\\" width=\\"4\\" height=\\"1\\"></rect></g></svg></div></div>
        <div class=\\"hig__global-nav__side-nav__section__group__module__link__title\\">Module 2</div>
    </a>
    <!--MODULE-COLLAPSE-->
    <div class=\\"hig__global-nav__side-nav__section__group__module__submodules\\">
        <!--SUBMODULE-->
    </div>
</div><!--MODULE-->
</div><!--GROUP-->
</div><!--SECTION-->
        <div class=\\"hig__global-nav__sidenav__links\\">
            <!--LINK-->
        </div>
        <div class=\\"hig__global-nav__sidenav__copyright\\">© 2017 Autodesk, Inc.</div>
    </div>
    <!--SEARCH-->
</div><!--SIDENAV-->
    <div class=\\"hig__global-nav__container\\">
        <!--TOPNAV-->
        <!--SUBNAV-->
        <div class=\\"hig__global-nav__slot\\">
            <!--SLOT-->
        </div>
    </div>
</div>"
`;
