// Jest Snapshot v1, https://goo.gl/fbAQLP

exports[`<GlobalNav> can render the Container as a child 1`] = `
"<div class=\\"hig__global-nav\\">
    <!--SIDENAV-->
    <div class=\\"hig__global-nav__container\\">
        <!--TOPNAV-->
        <!--SUBNAV-->
        <div class=\\"hig__global-nav__slot\\">
            <!--SLOT-->
        </div>
    </div>
</div>"
`;

exports[`<GlobalNav> renders the global nav 1`] = `
"<div class=\\"hig__global-nav\\">
    <!--SIDENAV-->
    <div class=\\"hig__global-nav__container\\">
        <!--TOPNAV-->
        <!--SUBNAV-->
        <div class=\\"hig__global-nav__slot\\">
            <!--SLOT-->
        </div>
    </div>
</div>"
`;

exports[`<GlobalNav> sideNavOpen prop can render the SideNav as a child 1`] = `
"<div class=\\"hig__global-nav\\">
    <div class=\\"hig__global-nav__sidenav\\">
    <div class=\\"hig__global-nav__sidenav__scroll\\">
        <!--SEARCH-->
        <!--SECTION-->
        <div class=\\"hig__global-nav__sidenav__links\\">
            <!--LINK-->
        </div>
        <div class=\\"hig__global-nav__sidenav__copyright\\">Â© 2017 Autodesk, Inc.</div>
    </div>
</div><!--SIDENAV-->
    <div class=\\"hig__global-nav__container\\">
        <!--TOPNAV-->
        <!--SUBNAV-->
        <div class=\\"hig__global-nav__slot\\">
            <!--SLOT-->
        </div>
    </div>
</div>"
`;

exports[`<GlobalNav> sideNavOpen prop can showSideNav by default 1`] = `
"<div class=\\"hig__global-nav hig__global-nav--open\\">
    <!--SIDENAV-->
    <div class=\\"hig__global-nav__container\\">
        <!--TOPNAV-->
        <!--SUBNAV-->
        <div class=\\"hig__global-nav__slot\\">
            <!--SLOT-->
        </div>
    </div>
</div>"
`;

exports[`<GlobalNav> sideNavOpen prop is equal to showSideNav 1`] = `
"<div class=\\"hig__global-nav hig__global-nav--open\\">
    <!--SIDENAV-->
    <div class=\\"hig__global-nav__container\\">
        <!--TOPNAV-->
        <!--SUBNAV-->
        <div class=\\"hig__global-nav__slot\\">
            <!--SLOT-->
        </div>
    </div>
</div>"
`;

exports[`<GlobalNav> sideNavOpen prop is equal to showSideNav 2`] = `
"<div class=\\"hig__global-nav\\">
    <!--SIDENAV-->
    <div class=\\"hig__global-nav__container\\">
        <!--TOPNAV-->
        <!--SUBNAV-->
        <div class=\\"hig__global-nav__slot\\">
            <!--SLOT-->
        </div>
    </div>
</div>"
`;
