// Jest Snapshot v1, https://goo.gl/fbAQLP

exports[`<Group> children: <Item> can insert <Item> elements before and after another <Item> 1`] = `
"<div class=\\"hig__global-nav\\">
    <div class=\\"hig__global-nav__sidenav\\">
    <div class=\\"hig__global-nav__side-nav__section\\">
    <div class=\\"hig__global-nav__side-nav__section__header\\">
        <span class=\\"hig__global-nav__side-nav__section__header__label\\">Project</span>
        <span class=\\"hig__global-nav__side-nav__section__header__name\\">X</span>
    </div>
    <div class=\\"hig__global-nav__side-nav__section__group\\">
    <div class=\\"hig__global-nav__side-nav__section__group__item\\">
    <a href=\\"#\\">
        <div class=\\"hig__global-nav__side-nav__section__group__item__icon\\"><div class=\\"hig__icon\\"><svg width=\\"20\\" height=\\"21\\" viewBox=\\"0 0 20 21\\" xmlns=\\"http://www.w3.org/2000/svg\\" role=\\"img\\" title=\\"project-management\\"><g transform=\\"translate(.242)\\" fill=\\"#34495E\\" fill-rule=\\"evenodd\\"><path d=\\"M15,8.15002717 C14.6738533,8.08382289 14.3400214,8.03878262 14,8.01640228 L14,1 L1,1 L1,17 L6.15002717,17 C6.21952655,17.3423796 6.31234911,17.6762897 6.42676427,18 L0,18 L0,0 L15,0 L15,8.15002717 Z M8.40093151,10 C8.07157864,10.3054873 7.76971094,10.6401947 7.49945072,11 L3,11 L3,10 L8.40093151,10 Z M6.42676427,13 C6.31234911,13.3237103 6.21952655,13.6576204 6.15002717,14 L3,14 L3,13 L6.42676427,13 Z M3,4 L12,4 L12,5 L3,5 L3,4 Z M3,7 L12,7 L12,8 L3,8 L3,7 Z\\" fill-rule=\\"nonzero\\"></path><path d=\\"M13.5,20 C15.9852814,20 18,17.9852814 18,15.5 C18,13.0147186 15.9852814,11 13.5,11 C11.0147186,11 9,13.0147186 9,15.5 C9,17.9852814 11.0147186,20 13.5,20 Z M13.5,21 C10.4624339,21 8,18.5375661 8,15.5 C8,12.4624339 10.4624339,10 13.5,10 C16.5375661,10 19,12.4624339 19,15.5 C19,18.5375661 16.5375661,21 13.5,21 Z\\" fill-rule=\\"nonzero\\"></path><rect x=\\"13\\" y=\\"12\\" width=\\"1\\" height=\\"4\\"></rect><rect x=\\"13\\" y=\\"15\\" width=\\"4\\" height=\\"1\\"></rect></g></svg></div></div>
        <div class=\\"hig__global-nav__side-nav__section__group__item__title\\">Item 2</div>
    </a>
</div><!--ITEM-->
</div><!--GROUP-->
</div><!--SECTION-->
    <div class=\\"hig__global-nav__sidenav__links\\">
        <!--LINK-->
    </div>
    <div class=\\"hig__global-nav__sidenav__copywright\\">© 2017 Autodesk, Inc. </div>
</div><!--SIDENAV-->
    <div class=\\"hig__global-nav__container\\">
        <!--TOPNAV-->
        <!--SUBNAV-->
        <div class=\\"hig__global-nav__container__slot\\">
            <!--SLOT-->
        </div>
    </div>
</div>"
`;

exports[`<Group> children: <Item> can insert <Item> elements before and after another <Item> 2`] = `
"<div class=\\"hig__global-nav\\">
    <div class=\\"hig__global-nav__sidenav\\">
    <div class=\\"hig__global-nav__side-nav__section\\">
    <div class=\\"hig__global-nav__side-nav__section__header\\">
        <span class=\\"hig__global-nav__side-nav__section__header__label\\">Project</span>
        <span class=\\"hig__global-nav__side-nav__section__header__name\\">X</span>
    </div>
    <div class=\\"hig__global-nav__side-nav__section__group\\">
    <div class=\\"hig__global-nav__side-nav__section__group__item\\">
    <a href=\\"#\\">
        <div class=\\"hig__global-nav__side-nav__section__group__item__icon\\"><div class=\\"hig__icon\\"><svg width=\\"20\\" height=\\"21\\" viewBox=\\"0 0 20 21\\" xmlns=\\"http://www.w3.org/2000/svg\\" role=\\"img\\" title=\\"project-management\\"><g transform=\\"translate(.242)\\" fill=\\"#34495E\\" fill-rule=\\"evenodd\\"><path d=\\"M15,8.15002717 C14.6738533,8.08382289 14.3400214,8.03878262 14,8.01640228 L14,1 L1,1 L1,17 L6.15002717,17 C6.21952655,17.3423796 6.31234911,17.6762897 6.42676427,18 L0,18 L0,0 L15,0 L15,8.15002717 Z M8.40093151,10 C8.07157864,10.3054873 7.76971094,10.6401947 7.49945072,11 L3,11 L3,10 L8.40093151,10 Z M6.42676427,13 C6.31234911,13.3237103 6.21952655,13.6576204 6.15002717,14 L3,14 L3,13 L6.42676427,13 Z M3,4 L12,4 L12,5 L3,5 L3,4 Z M3,7 L12,7 L12,8 L3,8 L3,7 Z\\" fill-rule=\\"nonzero\\"></path><path d=\\"M13.5,20 C15.9852814,20 18,17.9852814 18,15.5 C18,13.0147186 15.9852814,11 13.5,11 C11.0147186,11 9,13.0147186 9,15.5 C9,17.9852814 11.0147186,20 13.5,20 Z M13.5,21 C10.4624339,21 8,18.5375661 8,15.5 C8,12.4624339 10.4624339,10 13.5,10 C16.5375661,10 19,12.4624339 19,15.5 C19,18.5375661 16.5375661,21 13.5,21 Z\\" fill-rule=\\"nonzero\\"></path><rect x=\\"13\\" y=\\"12\\" width=\\"1\\" height=\\"4\\"></rect><rect x=\\"13\\" y=\\"15\\" width=\\"4\\" height=\\"1\\"></rect></g></svg></div></div>
        <div class=\\"hig__global-nav__side-nav__section__group__item__title\\">Item 1</div>
    </a>
</div><div class=\\"hig__global-nav__side-nav__section__group__item\\">
    <a href=\\"#\\">
        <div class=\\"hig__global-nav__side-nav__section__group__item__icon\\"><div class=\\"hig__icon\\"><svg width=\\"20\\" height=\\"21\\" viewBox=\\"0 0 20 21\\" xmlns=\\"http://www.w3.org/2000/svg\\" role=\\"img\\" title=\\"project-management\\"><g transform=\\"translate(.242)\\" fill=\\"#34495E\\" fill-rule=\\"evenodd\\"><path d=\\"M15,8.15002717 C14.6738533,8.08382289 14.3400214,8.03878262 14,8.01640228 L14,1 L1,1 L1,17 L6.15002717,17 C6.21952655,17.3423796 6.31234911,17.6762897 6.42676427,18 L0,18 L0,0 L15,0 L15,8.15002717 Z M8.40093151,10 C8.07157864,10.3054873 7.76971094,10.6401947 7.49945072,11 L3,11 L3,10 L8.40093151,10 Z M6.42676427,13 C6.31234911,13.3237103 6.21952655,13.6576204 6.15002717,14 L3,14 L3,13 L6.42676427,13 Z M3,4 L12,4 L12,5 L3,5 L3,4 Z M3,7 L12,7 L12,8 L3,8 L3,7 Z\\" fill-rule=\\"nonzero\\"></path><path d=\\"M13.5,20 C15.9852814,20 18,17.9852814 18,15.5 C18,13.0147186 15.9852814,11 13.5,11 C11.0147186,11 9,13.0147186 9,15.5 C9,17.9852814 11.0147186,20 13.5,20 Z M13.5,21 C10.4624339,21 8,18.5375661 8,15.5 C8,12.4624339 10.4624339,10 13.5,10 C16.5375661,10 19,12.4624339 19,15.5 C19,18.5375661 16.5375661,21 13.5,21 Z\\" fill-rule=\\"nonzero\\"></path><rect x=\\"13\\" y=\\"12\\" width=\\"1\\" height=\\"4\\"></rect><rect x=\\"13\\" y=\\"15\\" width=\\"4\\" height=\\"1\\"></rect></g></svg></div></div>
        <div class=\\"hig__global-nav__side-nav__section__group__item__title\\">Item 2</div>
    </a>
</div><!--ITEM-->
</div><!--GROUP-->
</div><!--SECTION-->
    <div class=\\"hig__global-nav__sidenav__links\\">
        <!--LINK-->
    </div>
    <div class=\\"hig__global-nav__sidenav__copywright\\">© 2017 Autodesk, Inc. </div>
</div><!--SIDENAV-->
    <div class=\\"hig__global-nav__container\\">
        <!--TOPNAV-->
        <!--SUBNAV-->
        <div class=\\"hig__global-nav__container__slot\\">
            <!--SLOT-->
        </div>
    </div>
</div>"
`;

exports[`<Group> children: <Item> can insert <Item> elements before and after another <Item> 3`] = `
"<div class=\\"hig__global-nav\\">
    <div class=\\"hig__global-nav__sidenav\\">
    <div class=\\"hig__global-nav__side-nav__section\\">
    <div class=\\"hig__global-nav__side-nav__section__header\\">
        <span class=\\"hig__global-nav__side-nav__section__header__label\\">Project</span>
        <span class=\\"hig__global-nav__side-nav__section__header__name\\">X</span>
    </div>
    <div class=\\"hig__global-nav__side-nav__section__group\\">
    <div class=\\"hig__global-nav__side-nav__section__group__item\\">
    <a href=\\"#\\">
        <div class=\\"hig__global-nav__side-nav__section__group__item__icon\\"><div class=\\"hig__icon\\"><svg width=\\"20\\" height=\\"21\\" viewBox=\\"0 0 20 21\\" xmlns=\\"http://www.w3.org/2000/svg\\" role=\\"img\\" title=\\"project-management\\"><g transform=\\"translate(.242)\\" fill=\\"#34495E\\" fill-rule=\\"evenodd\\"><path d=\\"M15,8.15002717 C14.6738533,8.08382289 14.3400214,8.03878262 14,8.01640228 L14,1 L1,1 L1,17 L6.15002717,17 C6.21952655,17.3423796 6.31234911,17.6762897 6.42676427,18 L0,18 L0,0 L15,0 L15,8.15002717 Z M8.40093151,10 C8.07157864,10.3054873 7.76971094,10.6401947 7.49945072,11 L3,11 L3,10 L8.40093151,10 Z M6.42676427,13 C6.31234911,13.3237103 6.21952655,13.6576204 6.15002717,14 L3,14 L3,13 L6.42676427,13 Z M3,4 L12,4 L12,5 L3,5 L3,4 Z M3,7 L12,7 L12,8 L3,8 L3,7 Z\\" fill-rule=\\"nonzero\\"></path><path d=\\"M13.5,20 C15.9852814,20 18,17.9852814 18,15.5 C18,13.0147186 15.9852814,11 13.5,11 C11.0147186,11 9,13.0147186 9,15.5 C9,17.9852814 11.0147186,20 13.5,20 Z M13.5,21 C10.4624339,21 8,18.5375661 8,15.5 C8,12.4624339 10.4624339,10 13.5,10 C16.5375661,10 19,12.4624339 19,15.5 C19,18.5375661 16.5375661,21 13.5,21 Z\\" fill-rule=\\"nonzero\\"></path><rect x=\\"13\\" y=\\"12\\" width=\\"1\\" height=\\"4\\"></rect><rect x=\\"13\\" y=\\"15\\" width=\\"4\\" height=\\"1\\"></rect></g></svg></div></div>
        <div class=\\"hig__global-nav__side-nav__section__group__item__title\\">Item 2</div>
    </a>
</div><!--ITEM-->
</div><!--GROUP-->
</div><!--SECTION-->
    <div class=\\"hig__global-nav__sidenav__links\\">
        <!--LINK-->
    </div>
    <div class=\\"hig__global-nav__sidenav__copywright\\">© 2017 Autodesk, Inc. </div>
</div><!--SIDENAV-->
    <div class=\\"hig__global-nav__container\\">
        <!--TOPNAV-->
        <!--SUBNAV-->
        <div class=\\"hig__global-nav__container__slot\\">
            <!--SLOT-->
        </div>
    </div>
</div>"
`;

exports[`<Group> children: <Item> can insert <Item> elements before and after another <Item> 4`] = `
"<div class=\\"hig__global-nav\\">
    <div class=\\"hig__global-nav__sidenav\\">
    <div class=\\"hig__global-nav__side-nav__section\\">
    <div class=\\"hig__global-nav__side-nav__section__header\\">
        <span class=\\"hig__global-nav__side-nav__section__header__label\\">Project</span>
        <span class=\\"hig__global-nav__side-nav__section__header__name\\">X</span>
    </div>
    <div class=\\"hig__global-nav__side-nav__section__group\\">
    <div class=\\"hig__global-nav__side-nav__section__group__item\\">
    <a href=\\"#\\">
        <div class=\\"hig__global-nav__side-nav__section__group__item__icon\\"><div class=\\"hig__icon\\"><svg width=\\"20\\" height=\\"21\\" viewBox=\\"0 0 20 21\\" xmlns=\\"http://www.w3.org/2000/svg\\" role=\\"img\\" title=\\"project-management\\"><g transform=\\"translate(.242)\\" fill=\\"#34495E\\" fill-rule=\\"evenodd\\"><path d=\\"M15,8.15002717 C14.6738533,8.08382289 14.3400214,8.03878262 14,8.01640228 L14,1 L1,1 L1,17 L6.15002717,17 C6.21952655,17.3423796 6.31234911,17.6762897 6.42676427,18 L0,18 L0,0 L15,0 L15,8.15002717 Z M8.40093151,10 C8.07157864,10.3054873 7.76971094,10.6401947 7.49945072,11 L3,11 L3,10 L8.40093151,10 Z M6.42676427,13 C6.31234911,13.3237103 6.21952655,13.6576204 6.15002717,14 L3,14 L3,13 L6.42676427,13 Z M3,4 L12,4 L12,5 L3,5 L3,4 Z M3,7 L12,7 L12,8 L3,8 L3,7 Z\\" fill-rule=\\"nonzero\\"></path><path d=\\"M13.5,20 C15.9852814,20 18,17.9852814 18,15.5 C18,13.0147186 15.9852814,11 13.5,11 C11.0147186,11 9,13.0147186 9,15.5 C9,17.9852814 11.0147186,20 13.5,20 Z M13.5,21 C10.4624339,21 8,18.5375661 8,15.5 C8,12.4624339 10.4624339,10 13.5,10 C16.5375661,10 19,12.4624339 19,15.5 C19,18.5375661 16.5375661,21 13.5,21 Z\\" fill-rule=\\"nonzero\\"></path><rect x=\\"13\\" y=\\"12\\" width=\\"1\\" height=\\"4\\"></rect><rect x=\\"13\\" y=\\"15\\" width=\\"4\\" height=\\"1\\"></rect></g></svg></div></div>
        <div class=\\"hig__global-nav__side-nav__section__group__item__title\\">Item 2</div>
    </a>
</div><div class=\\"hig__global-nav__side-nav__section__group__item\\">
    <a href=\\"#\\">
        <div class=\\"hig__global-nav__side-nav__section__group__item__icon\\"><div class=\\"hig__icon\\"><svg width=\\"30\\" height=\\"30\\" viewBox=\\"0 0 30 30\\" xmlns=\\"http://www.w3.org/2000/svg\\" role=\\"img\\" title=\\"hamburger\\"><g transform=\\"translate(-92 -185)\\" fill=\\"none\\" fill-rule=\\"evenodd\\"><rect x=\\"92\\" y=\\"185\\" width=\\"30\\" height=\\"30\\"></rect><path d=\\"M100,195 L115,195 L115,196 L100,196 L100,195 Z M100,200 L115,200 L115,201 L100,201 L100,200 Z M100,205 L115,205 L115,206 L100,206 L100,205 Z\\" fill=\\"#34495E\\"></path></g></svg></div></div>
        <div class=\\"hig__global-nav__side-nav__section__group__item__title\\">title</div>
    </a>
</div><!--ITEM-->
</div><!--GROUP-->
</div><!--SECTION-->
    <div class=\\"hig__global-nav__sidenav__links\\">
        <!--LINK-->
    </div>
    <div class=\\"hig__global-nav__sidenav__copywright\\">© 2017 Autodesk, Inc. </div>
</div><!--SIDENAV-->
    <div class=\\"hig__global-nav__container\\">
        <!--TOPNAV-->
        <!--SUBNAV-->
        <div class=\\"hig__global-nav__container__slot\\">
            <!--SLOT-->
        </div>
    </div>
</div>"
`;

exports[`<Group> children: <Item> can insert <Item> elements before and after another <Item> 5`] = `
"<div class=\\"hig__global-nav\\">
    <div class=\\"hig__global-nav__sidenav\\">
    <div class=\\"hig__global-nav__side-nav__section\\">
    <div class=\\"hig__global-nav__side-nav__section__header\\">
        <span class=\\"hig__global-nav__side-nav__section__header__label\\">Project</span>
        <span class=\\"hig__global-nav__side-nav__section__header__name\\">X</span>
    </div>
    <div class=\\"hig__global-nav__side-nav__section__group\\">
    <div class=\\"hig__global-nav__side-nav__section__group__item\\">
    <a href=\\"#\\">
        <div class=\\"hig__global-nav__side-nav__section__group__item__icon\\"><div class=\\"hig__icon\\"><svg width=\\"20\\" height=\\"21\\" viewBox=\\"0 0 20 21\\" xmlns=\\"http://www.w3.org/2000/svg\\" role=\\"img\\" title=\\"project-management\\"><g transform=\\"translate(.242)\\" fill=\\"#34495E\\" fill-rule=\\"evenodd\\"><path d=\\"M15,8.15002717 C14.6738533,8.08382289 14.3400214,8.03878262 14,8.01640228 L14,1 L1,1 L1,17 L6.15002717,17 C6.21952655,17.3423796 6.31234911,17.6762897 6.42676427,18 L0,18 L0,0 L15,0 L15,8.15002717 Z M8.40093151,10 C8.07157864,10.3054873 7.76971094,10.6401947 7.49945072,11 L3,11 L3,10 L8.40093151,10 Z M6.42676427,13 C6.31234911,13.3237103 6.21952655,13.6576204 6.15002717,14 L3,14 L3,13 L6.42676427,13 Z M3,4 L12,4 L12,5 L3,5 L3,4 Z M3,7 L12,7 L12,8 L3,8 L3,7 Z\\" fill-rule=\\"nonzero\\"></path><path d=\\"M13.5,20 C15.9852814,20 18,17.9852814 18,15.5 C18,13.0147186 15.9852814,11 13.5,11 C11.0147186,11 9,13.0147186 9,15.5 C9,17.9852814 11.0147186,20 13.5,20 Z M13.5,21 C10.4624339,21 8,18.5375661 8,15.5 C8,12.4624339 10.4624339,10 13.5,10 C16.5375661,10 19,12.4624339 19,15.5 C19,18.5375661 16.5375661,21 13.5,21 Z\\" fill-rule=\\"nonzero\\"></path><rect x=\\"13\\" y=\\"12\\" width=\\"1\\" height=\\"4\\"></rect><rect x=\\"13\\" y=\\"15\\" width=\\"4\\" height=\\"1\\"></rect></g></svg></div></div>
        <div class=\\"hig__global-nav__side-nav__section__group__item__title\\">Item 2</div>
    </a>
</div><!--ITEM-->
</div><!--GROUP-->
</div><!--SECTION-->
    <div class=\\"hig__global-nav__sidenav__links\\">
        <!--LINK-->
    </div>
    <div class=\\"hig__global-nav__sidenav__copywright\\">© 2017 Autodesk, Inc. </div>
</div><!--SIDENAV-->
    <div class=\\"hig__global-nav__container\\">
        <!--TOPNAV-->
        <!--SUBNAV-->
        <div class=\\"hig__global-nav__container__slot\\">
            <!--SLOT-->
        </div>
    </div>
</div>"
`;

exports[`<Group> children: <Item> can render a list of <Item> elements 1`] = `
"<div class=\\"hig__global-nav\\">
    <div class=\\"hig__global-nav__sidenav\\">
    <div class=\\"hig__global-nav__side-nav__section\\">
    <div class=\\"hig__global-nav__side-nav__section__header\\">
        <span class=\\"hig__global-nav__side-nav__section__header__label\\">Project</span>
        <span class=\\"hig__global-nav__side-nav__section__header__name\\">X</span>
    </div>
    <div class=\\"hig__global-nav__side-nav__section__group\\">
    <div class=\\"hig__global-nav__side-nav__section__group__item\\">
    <a href=\\"#\\">
        <div class=\\"hig__global-nav__side-nav__section__group__item__icon\\"><div class=\\"hig__icon\\"><svg width=\\"20\\" height=\\"21\\" viewBox=\\"0 0 20 21\\" xmlns=\\"http://www.w3.org/2000/svg\\" role=\\"img\\" title=\\"project-management\\"><g transform=\\"translate(.242)\\" fill=\\"#34495E\\" fill-rule=\\"evenodd\\"><path d=\\"M15,8.15002717 C14.6738533,8.08382289 14.3400214,8.03878262 14,8.01640228 L14,1 L1,1 L1,17 L6.15002717,17 C6.21952655,17.3423796 6.31234911,17.6762897 6.42676427,18 L0,18 L0,0 L15,0 L15,8.15002717 Z M8.40093151,10 C8.07157864,10.3054873 7.76971094,10.6401947 7.49945072,11 L3,11 L3,10 L8.40093151,10 Z M6.42676427,13 C6.31234911,13.3237103 6.21952655,13.6576204 6.15002717,14 L3,14 L3,13 L6.42676427,13 Z M3,4 L12,4 L12,5 L3,5 L3,4 Z M3,7 L12,7 L12,8 L3,8 L3,7 Z\\" fill-rule=\\"nonzero\\"></path><path d=\\"M13.5,20 C15.9852814,20 18,17.9852814 18,15.5 C18,13.0147186 15.9852814,11 13.5,11 C11.0147186,11 9,13.0147186 9,15.5 C9,17.9852814 11.0147186,20 13.5,20 Z M13.5,21 C10.4624339,21 8,18.5375661 8,15.5 C8,12.4624339 10.4624339,10 13.5,10 C16.5375661,10 19,12.4624339 19,15.5 C19,18.5375661 16.5375661,21 13.5,21 Z\\" fill-rule=\\"nonzero\\"></path><rect x=\\"13\\" y=\\"12\\" width=\\"1\\" height=\\"4\\"></rect><rect x=\\"13\\" y=\\"15\\" width=\\"4\\" height=\\"1\\"></rect></g></svg></div></div>
        <div class=\\"hig__global-nav__side-nav__section__group__item__title\\">Item 1</div>
    </a>
</div><div class=\\"hig__global-nav__side-nav__section__group__item\\">
    <a href=\\"#\\">
        <div class=\\"hig__global-nav__side-nav__section__group__item__icon\\"><div class=\\"hig__icon\\"><svg width=\\"20\\" height=\\"21\\" viewBox=\\"0 0 20 21\\" xmlns=\\"http://www.w3.org/2000/svg\\" role=\\"img\\" title=\\"project-management\\"><g transform=\\"translate(.242)\\" fill=\\"#34495E\\" fill-rule=\\"evenodd\\"><path d=\\"M15,8.15002717 C14.6738533,8.08382289 14.3400214,8.03878262 14,8.01640228 L14,1 L1,1 L1,17 L6.15002717,17 C6.21952655,17.3423796 6.31234911,17.6762897 6.42676427,18 L0,18 L0,0 L15,0 L15,8.15002717 Z M8.40093151,10 C8.07157864,10.3054873 7.76971094,10.6401947 7.49945072,11 L3,11 L3,10 L8.40093151,10 Z M6.42676427,13 C6.31234911,13.3237103 6.21952655,13.6576204 6.15002717,14 L3,14 L3,13 L6.42676427,13 Z M3,4 L12,4 L12,5 L3,5 L3,4 Z M3,7 L12,7 L12,8 L3,8 L3,7 Z\\" fill-rule=\\"nonzero\\"></path><path d=\\"M13.5,20 C15.9852814,20 18,17.9852814 18,15.5 C18,13.0147186 15.9852814,11 13.5,11 C11.0147186,11 9,13.0147186 9,15.5 C9,17.9852814 11.0147186,20 13.5,20 Z M13.5,21 C10.4624339,21 8,18.5375661 8,15.5 C8,12.4624339 10.4624339,10 13.5,10 C16.5375661,10 19,12.4624339 19,15.5 C19,18.5375661 16.5375661,21 13.5,21 Z\\" fill-rule=\\"nonzero\\"></path><rect x=\\"13\\" y=\\"12\\" width=\\"1\\" height=\\"4\\"></rect><rect x=\\"13\\" y=\\"15\\" width=\\"4\\" height=\\"1\\"></rect></g></svg></div></div>
        <div class=\\"hig__global-nav__side-nav__section__group__item__title\\">Item 2</div>
    </a>
</div><!--ITEM-->
</div><!--GROUP-->
</div><!--SECTION-->
    <div class=\\"hig__global-nav__sidenav__links\\">
        <!--LINK-->
    </div>
    <div class=\\"hig__global-nav__sidenav__copywright\\">© 2017 Autodesk, Inc. </div>
</div><!--SIDENAV-->
    <div class=\\"hig__global-nav__container\\">
        <!--TOPNAV-->
        <!--SUBNAV-->
        <div class=\\"hig__global-nav__container__slot\\">
            <!--SLOT-->
        </div>
    </div>
</div>"
`;
