// Jest Snapshot v1, https://goo.gl/fbAQLP

exports[`<Search> will is rendered as a child of Side Nav 1`] = `
"<div class=\\"hig__global-nav\\">
    <div class=\\"hig__global-nav__sidenav\\">
    <div class=\\"hig__global-nav__sidenav__scroll hig__global-nav__sidenav__scroll--search\\">
        <div class=\\"hig__global-nav__side-nav__section\\">
    <div class=\\"hig__global-nav__side-nav__section__header\\">
        <span class=\\"hig__global-nav__side-nav__section__header__label\\">Project</span>
        <span class=\\"hig__global-nav__side-nav__section__header__name\\">X</span>
        <div class=\\"hig__global-nav__side-nav__section__collapse hig__global-nav__side-nav__section__collapse--collapsed\\"><div class=\\"hig__icon\\"><svg width=\\"11\\" height=\\"12\\" viewBox=\\"0 0 11 12\\" xmlns=\\"http://www.w3.org/2000/svg\\" role=\\"img\\" title=\\"double-caret\\"><g stroke-width=\\"1.5\\" stroke=\\"#979797\\" fill=\\"none\\" fill-rule=\\"evenodd\\" stroke-linecap=\\"round\\" stroke-linejoin=\\"round\\"><polyline points=\\"8 11 12 15 16 11\\" transform=\\"translate(-6.432 -9.533)\\"></polyline><polyline points=\\"8 11 12 15 16 11\\" transform=\\"translate(-6.432 -4.533)\\"></polyline></g></svg></div></div><!--SECTION-COLLAPSE-->
    </div>
    <div class=\\"hig__global-nav__side-nav__section__group\\">
    <div class=\\"hig__global-nav__side-nav__section__group__module\\">
    <a class=\\"hig__global-nav__side-nav__section__group__module__link\\" href=\\"#\\">
        <div class=\\"hig__global-nav__side-nav__section__group__module__link__icon\\"><div class=\\"hig__icon\\"><svg width=\\"24\\" height=\\"24\\" viewBox=\\"0 0 24 24\\" xmlns=\\"http://www.w3.org/2000/svg\\" role=\\"img\\" title=\\"assets\\"><title>hig-light/globalnav/sidenav/icon/assets</title><g fill=\\"#221F20\\" fill-rule=\\"evenodd\\"><path d=\\"M10.1898101,0.916614844 L9.67284723,8.01491201 L9.15588441,0.916614844 C9.15588441,0.916614844 7.37499587,-0.81644658 2.12744709,0.48294645 L2.12744709,12.0829042 C2.12744709,12.0829042 6.89296297,11.6014087 8.33744951,12.3725539 C8.33744951,12.3725539 8.29284669,12.9427177 9.66048741,12.950241 L9.67284723,12.950241 L9.68574443,12.950241 C11.0528478,12.9427177 11.0082449,12.3725539 11.0082449,12.3725539 C12.4527315,11.6014087 17.2182474,12.0829042 17.2182474,12.0829042 L17.2182474,0.48294645 C11.9706986,-0.81644658 10.1898101,0.916614844 10.1898101,0.916614844\\" transform=\\"translate(2.327 4.245)\\"></path><path d=\\"M0.91156344,2.55923464 L0.885231654,13.9028606 L0.455862327,13.4729539 L7.29245378,13.4192155 C7.34887904,13.421365 7.39186971,13.4697296 7.38972017,13.52508 C7.38649587,13.5777436 7.3435052,13.6196595 7.29245378,13.6218091 L0.455862327,14.3333047 C0.229623921,14.3440523 0.0372406687,14.1694027 0.0270303844,13.9442391 L0.0259556176,13.925968 L0.0259556176,13.9028606 L0.000161215016,2.55923464 C-0.000376168371,2.3082766 0.203292135,2.10353353 0.453712794,2.10245876 C0.705745602,2.101384 0.911026056,2.30612707 0.91156344,2.55708511 L0.91156344,2.55923464 Z\\" transform=\\"translate(2.327 4.245)\\"></path><path d=\\"M19.3458019,2.55923464 L19.3200075,13.9028606 L19.3200075,13.9248933 C19.3183954,14.1516691 19.1351477,14.3343794 18.9089092,14.3343794 L18.8895634,14.3333047 L12.0535094,13.6218091 C11.9970841,13.6196595 11.9540934,13.571295 11.956243,13.5159445 C11.9594673,13.463281 12.002458,13.421365 12.0535094,13.4192155 L18.8895634,13.4729539 L18.4607315,13.9028606 L18.4343997,2.55923464 C18.4333249,2.3082766 18.6375306,2.10353353 18.8879513,2.10245876 C19.1405215,2.101384 19.3452646,2.30612707 19.3458019,2.55708511 L19.3458019,2.55923464 Z\\" transform=\\"translate(2.327 4.245)\\"></path></g></svg></div></div>
        <div class=\\"hig__global-nav__side-nav__section__group__module__link__title\\">title</div>
    </a>
    <div class=\\"hig__global-nav__side-nav__section__group__module__collapse hig__global-nav__side-nav__section__group__module__collapse--collapsed\\"><div class=\\"hig__icon\\"><svg width=\\"10\\" height=\\"6\\" viewBox=\\"0 0 10 6\\" xmlns=\\"http://www.w3.org/2000/svg\\" role=\\"img\\" title=\\"caret\\"><title>hig/icon/caret</title><polyline points=\\"8 11 12 15 16 11\\" transform=\\"translate(-6.815 -10)\\" stroke-width=\\"1.5\\" stroke=\\"#979797\\" fill=\\"none\\" fill-rule=\\"evenodd\\" stroke-linecap=\\"round\\" stroke-linejoin=\\"round\\"></polyline></svg></div></div><!--MODULE-COLLAPSE-->
    <div class=\\"hig__global-nav__side-nav__section__group__module__submodules\\">
        <div class=\\"hig__global-nav__side-nav__section__group__module__submodule hig__global-nav__side-nav__section__group__module__submodule--hide\\">
    <a class=\\"hig__global-nav__side-nav__section__group__module__submodule__link\\" href=\\"#\\">Document New</a>
</div><!--SUBMODULE-->
    </div>
</div><!--MODULE-->
</div><!--GROUP-->
</div><!--SECTION-->
        <div class=\\"hig__global-nav__sidenav__links\\">
            <!--LINK-->
        </div>
        <div class=\\"hig__global-nav__sidenav__copyright\\">Â© 2017 Autodesk, Inc.</div>
    </div>
    <div class=\\"hig__global-nav__side-nav__search\\">
    <div class=\\"hig__global-nav__side-nav__search__icon\\"><div class=\\"hig__icon\\"><svg width=\\"24\\" height=\\"24\\" viewBox=\\"0 0 24 24\\" xmlns=\\"http://www.w3.org/2000/svg\\" role=\\"img\\" title=\\"search-small\\"><title>hig/icon/search-small</title><path d=\\"M15.8702459,15.1631391 L18.9748737,18.267767 C19.1701359,18.4630291 19.1701359,18.7796116 18.9748737,18.9748737 C18.7796116,19.1701359 18.4630291,19.1701359 18.267767,18.9748737 L15.2403215,15.9474283 C14.0545271,17.2108151 12.3694256,18 10.5,18 C6.91014913,18 4,15.0898509 4,11.5 C4,7.91014913 6.91014913,5 10.5,5 C14.0898509,5 17,7.91014913 17,11.5 C17,12.8587306 16.5831026,14.1200897 15.8702459,15.1631391 Z M16,11.5 C16,8.46243388 13.5375661,6 10.5,6 C7.46243388,6 5,8.46243388 5,11.5 C5,14.5375661 7.46243388,17 10.5,17 C13.5375661,17 16,14.5375661 16,11.5 Z\\" fill=\\"#353636\\" fill-rule=\\"evenodd\\"></path></svg></div></div>
    <div class=\\"hig__global-nav__side-nav__search__inputholder\\"><input class=\\"hig__global-nav__side-nav__search__inputholder__input\\" type=\\"text\\" placeholder=\\"Search for something\\" value=\\"\\"></div>
    <div class=\\"hig__global-nav__side-nav__search__clear\\"><div class=\\"hig__icon\\"><svg width=\\"24\\" height=\\"24\\" viewBox=\\"0 0 24 24\\" xmlns=\\"http://www.w3.org/2000/svg\\" role=\\"img\\" title=\\"close-small\\"><title>hig/icon/close-small</title><g fill=\\"none\\" fill-rule=\\"evenodd\\"><circle stroke=\\"#353636\\" cx=\\"12\\" cy=\\"12\\" r=\\"8\\"></circle><polygon fill=\\"#353636\\" transform=\\"rotate(45 12 12)\\" points=\\"16.5 11.4518414 12.5847458 11.4518414 12.5847458 7.5 11.4152542 7.5 11.4152542 11.4518414 7.5 11.4518414 7.5 12.5226629 11.4152542 12.5226629 11.4152542 16.5 12.5847458 16.5 12.5847458 12.5226629 16.5 12.5226629\\"></polygon></g></svg></div></div>
</div><!--SEARCH-->
</div><!--SIDENAV-->
    <div class=\\"hig__global-nav__container\\">
        <!--TOPNAV-->
        <!--SUBNAV-->
        <div class=\\"hig__global-nav__slot\\">
            <!--SLOT-->
        </div>
    </div>
</div>"
`;
