// Jest Snapshot v1, https://goo.gl/fbAQLP

exports[`Help renders help  1`] = `
"<div class=\\"hig__global-nav\\">
    <!--SIDENAV-->
    <div class=\\"hig__global-nav__container\\">
        <div class=\\"hig__global-nav__top-nav\\">
    <div class=\\"hig__global-nav__top-nav__group hig__global-nav__top-nav__group--left\\">
        <div class=\\"hig__global-nav__top-nav__hamburger\\">
            <div class=\\"hig__global-nav__top-nav__hamburger__hamburgericon\\"><div class=\\"hig__icon\\"><svg width=\\"30\\" height=\\"30\\" viewBox=\\"0 0 30 30\\" xmlns=\\"http://www.w3.org/2000/svg\\" role=\\"img\\" title=\\"hamburger\\"><g transform=\\"translate(-92 -185)\\" fill=\\"none\\" fill-rule=\\"evenodd\\"><rect x=\\"92\\" y=\\"185\\" width=\\"30\\" height=\\"30\\"></rect><path d=\\"M100,195 L115,195 L115,196 L100,196 L100,195 Z M100,200 L115,200 L115,201 L100,201 L100,200 Z M100,205 L115,205 L115,206 L100,206 L100,205 Z\\" fill=\\"#34495E\\"></path></g></svg></div></div>
            <div class=\\"hig__global-nav__top-nav__hamburger__closeicon\\"><div class=\\"hig__icon\\"><svg width=\\"24\\" height=\\"24\\" viewBox=\\"0 0 24 24\\" xmlns=\\"http://www.w3.org/2000/svg\\" role=\\"img\\" title=\\"close-hamburger\\"><title>hig_icon_xclose</title><g fill=\\"#353636\\" fill-rule=\\"evenodd\\"><rect transform=\\"rotate(45 12 12)\\" x=\\"4\\" y=\\"11\\" width=\\"16\\" height=\\"2\\"></rect><rect transform=\\"rotate(-45 12 12)\\" x=\\"4\\" y=\\"11\\" width=\\"16\\" height=\\"2\\"></rect></g></svg></div></div>
        </div>
        <div class=\\"hig__global-nav__top-nav__logo\\">
            <a href=\\"#\\">
                <img src=\\"link\\">
            </a>
        </div>
    </div>
    <!--SEARCH-->
    <div class=\\"hig__global-nav__top-nav__spacer\\"></div>
    <!--PROJECT_ACCOUNT_SWITCHER-->
    <div class=\\"hig__global-nav__top-nav__group hig__global-nav__top-nav__group--right\\">
    <div class=\\"hig__global-nav__top-nav__shortcut\\">
  <a href=\\"#\\" title=\\"\\" class=\\"hig__global-nav__top-nav__shortcut__link\\">
    <div class=\\"hig__global-nav__top-nav__shortcut__link__icon hig__global-nav__top-nav__shortcut__link__icon--help\\">
      <div class=\\"hig__icon\\"><svg width=\\"18\\" height=\\"18\\" viewBox=\\"0 0 18 18\\" xmlns=\\"http://www.w3.org/2000/svg\\" role=\\"img\\" title=\\"help\\"><g fill=\\"#151E27\\" fill-rule=\\"evenodd\\" opacity=\\".573\\"><path d=\\"M9,17.125 C13.4873136,17.125 17.125,13.4873136 17.125,9 C17.125,4.51268641 13.4873136,0.875 9,0.875 C4.51268641,0.875 0.875,4.51268641 0.875,9 C0.875,13.4873136 4.51268641,17.125 9,17.125 Z M9,18 C4.02943725,18 0,13.9705627 0,9 C0,4.02943725 4.02943725,0 9,0 C13.9705627,0 18,4.02943725 18,9 C18,13.9705627 13.9705627,18 9,18 Z\\" fill-rule=\\"nonzero\\"></path><path d=\\"M8.016,10.678 L9.654,10.678 L9.654,10.328 C9.654,8.746 12.132,8.648 12.132,6.744 L12.132,6.324 C12.132,5.05 11.026,4 9.15,4 C7.75,4 6.826,4.476 6,5.134 L6.784,6.17 C7.554,5.638 8.1,5.344 8.996,5.344 C9.85,5.344 10.34,5.792 10.34,6.478 L10.34,6.814 C10.34,8.018 8.016,8.298 8.016,10.272 L8.016,10.678 Z M8.828,14.164 C9.458,14.164 9.934,13.674 9.934,13.058 C9.934,12.456 9.458,11.952 8.828,11.952 C8.226,11.952 7.736,12.456 7.736,13.058 C7.736,13.674 8.226,14.164 8.828,14.164 Z\\"></path></g></svg></div>
    </div>
  </a>
</div><!--SHORTCUT-->
    </div>
    <!--PROFILE-->
</div><!--TOPNAV-->
        <!--SUBNAV-->
        <div class=\\"hig__global-nav__slot\\">
            <!--SLOT-->
        </div>
    </div>
</div>"
`;

exports[`Help setting and updating props 1`] = `
"<div class=\\"hig__global-nav\\">
    <!--SIDENAV-->
    <div class=\\"hig__global-nav__container\\">
        <div class=\\"hig__global-nav__top-nav\\">
    <div class=\\"hig__global-nav__top-nav__group hig__global-nav__top-nav__group--left\\">
        <div class=\\"hig__global-nav__top-nav__hamburger\\">
            <div class=\\"hig__global-nav__top-nav__hamburger__hamburgericon\\"><div class=\\"hig__icon\\"><svg width=\\"30\\" height=\\"30\\" viewBox=\\"0 0 30 30\\" xmlns=\\"http://www.w3.org/2000/svg\\" role=\\"img\\" title=\\"hamburger\\"><g transform=\\"translate(-92 -185)\\" fill=\\"none\\" fill-rule=\\"evenodd\\"><rect x=\\"92\\" y=\\"185\\" width=\\"30\\" height=\\"30\\"></rect><path d=\\"M100,195 L115,195 L115,196 L100,196 L100,195 Z M100,200 L115,200 L115,201 L100,201 L100,200 Z M100,205 L115,205 L115,206 L100,206 L100,205 Z\\" fill=\\"#34495E\\"></path></g></svg></div></div>
            <div class=\\"hig__global-nav__top-nav__hamburger__closeicon\\"><div class=\\"hig__icon\\"><svg width=\\"24\\" height=\\"24\\" viewBox=\\"0 0 24 24\\" xmlns=\\"http://www.w3.org/2000/svg\\" role=\\"img\\" title=\\"close-hamburger\\"><title>hig_icon_xclose</title><g fill=\\"#353636\\" fill-rule=\\"evenodd\\"><rect transform=\\"rotate(45 12 12)\\" x=\\"4\\" y=\\"11\\" width=\\"16\\" height=\\"2\\"></rect><rect transform=\\"rotate(-45 12 12)\\" x=\\"4\\" y=\\"11\\" width=\\"16\\" height=\\"2\\"></rect></g></svg></div></div>
        </div>
        <div class=\\"hig__global-nav__top-nav__logo\\">
            <a href=\\"#\\">
                <img src=\\"link\\">
            </a>
        </div>
    </div>
    <!--SEARCH-->
    <div class=\\"hig__global-nav__top-nav__spacer\\"></div>
    <!--PROJECT_ACCOUNT_SWITCHER-->
    <div class=\\"hig__global-nav__top-nav__group hig__global-nav__top-nav__group--right\\">
    <div class=\\"hig__global-nav__top-nav__shortcut\\" title=\\"newTest\\" href=\\"newTestLink\\">newTest</div><!--SHORTCUT-->
    </div>
    <!--PROFILE-->
</div><!--TOPNAV-->
        <!--SUBNAV-->
        <div class=\\"hig__global-nav__slot\\">
            <!--SLOT-->
        </div>
    </div>
</div>"
`;
